// Jest Snapshot v1, https://goo.gl/fbAQLP

exports[`ProductList Given there is product data When the ProductList component is rendered should render a list with all products 1`] = `
<div>
  <table class="uk-table uk-table-small uk-table-responsive uk-table-striped">
    <thead>
      <tr>
        <th class="uk-width-small">Name <span></span></th>
        <th>Details</th>
        <th>Price <span></span></th>
        <th class="uk-width-small"></th>
      </tr>
    </thead>
    <tbody>
      <tr>
        <td class="uk-text-bold">Beverage 23, 6x 0.75 L</td>
        <td>
          <div uk-grid="" class="uk-grid-small uk-margin-bottom">
            <div class="uk-width-1-1 uk-width-1-3@s"><img data-src="https://dummyimage.com/300x200/eeeeee/2fd6ac.png&amp;text=Beverage+23,+6x0.75" width="100%" height="200" alt="" uk-img="" class="product-image"></div>
            <div class="uk-width-1-1 uk-width-2-3@s">
              <dl class="uk-description-list">
                <dt>ID</dt>
                <dd>ABC1234567800</dd>
                <dt>Manufacturer</dt>
                <dd>
                  Beverages Ltd.
                </dd>
                <dt>Packaging</dt>
                <dd>
                  CA
                </dd>
              </dl>
            </div>
          </div>
        </td>
        <td class="uk-text-bold">€459.00</td>
        <td>
          <router-link-stub to="products/ABC1234567800" class="uk-button uk-button-primary">More</router-link-stub>
        </td>
      </tr>
      <tr>
        <td class="uk-text-bold">Beverage 23, 12x 0.5 L</td>
        <td>
          <div uk-grid="" class="uk-grid-small uk-margin-bottom">
            <div class="uk-width-1-1 uk-width-1-3@s"><img data-src="https://dummyimage.com/300x200/eeeeee/2fd6ac.png&amp;text=Beverage+23,+12x0.5" width="100%" height="200" alt="" uk-img="" class="product-image"></div>
            <div class="uk-width-1-1 uk-width-2-3@s">
              <dl class="uk-description-list">
                <dt>ID</dt>
                <dd>ABC1234567801</dd>
                <dt>Manufacturer</dt>
                <dd>
                  Beverages Ltd.
                </dd>
                <dt>Packaging</dt>
                <dd>
                  CA
                </dd>
              </dl>
            </div>
          </div>
        </td>
        <td class="uk-text-bold">€829.00</td>
        <td>
          <router-link-stub to="products/ABC1234567801" class="uk-button uk-button-primary">More</router-link-stub>
        </td>
      </tr>
    </tbody>
  </table>
</div>
`;
